(1,KEY,"boolean")
(2,KEY,"else")
(3,KEY,"false")
(4,KEY,"function")
(5,KEY,"if")
(6,KEY,"integer")
(7,KEY,"print")
(8,KEY,"return")
(9,KEY,"string")
(10,KEY,"true")
(11,KEY,"void")
(12,KEY,"while")
