(3,KEY,"if")
(3,SYM,"(")
(3,ID,"b")
(3,SYM,")")
(4,KEY,"print")
(4,SYM,"(")
(4,NUM,"1")
(4,SYM,")")
(4,SYM,";")
(5,KEY,"else")
(5,KEY,"print")
(5,SYM,"(")
(5,NUM,"0")
(5,SYM,")")
(5,SYM,";")
