(1,ID,"a")
(1,SYM,":")
(1,KEY,"string")
(1,SYM,"=")
(1,STR,""123"")
(1,SYM,";")
