
[program
[func-declaration
[int]
[main]
[params]
[block
[selection-stmt
[>
[var
[a]]
[5]]
[block
[selection-stmt
[==
[var
[b]]
[0]]
[return-stmt
[var
[a]]]]]
[else
[return-stmt
[-
[0]
[var
[a]]]]]]]]]

