(1,ID,"a")
(1,SYM,"=")
(1,ID,"b")
(1,SYM,"*")
(1,NUM,"2")
(1,SYM,"-")
(1,ERROR,"&")
(1,ID,"c")
(1,ERROR,"[")
(1,NUM,"0")
(1,ERROR,"]")
(1,ERROR,"|")
(1,SYM,"(")
(1,NUM,"71")
(1,SYM,")")
(1,SYM,";")
