[program 
[func-declaration 
[void]
[main]
[params
]
[block 
[var-declaration [int][total]]
[var-declaration [bool][falhou]]
[var-declaration [int][n_rodas][2]]
[var-declaration [bool][e_novo][true]]
[expression-stmt 
[= [var [n_marchas]][10]]
]
[print-stmt 
[args [var [n_rodas]][var [n_marchas]]]]]
]
]
