[program 
[func-declaration 
[void]
[main]
[params
[param [int][argc]]
[param [int][argb]]
[param [int][arga]]
]
[block 
[return-stmt [;]]]
]
]
