[program 
[func-declaration 
[void]
[main]
[params
]
[block 
[var-declaration [int][a]]
[var-declaration [bool][b][false]]
[expression-stmt 
[= [var [a]][0]]
]
[iteration-stmt 
[< [var [a]][10]]
[block 
[expression-stmt 
[= [var [c]]
[+ [var [a]][var [b]]]]
]
[expression-stmt 
[= [var [a]]
[+ [var [a]][1]]]
]]
]
[expression-stmt 
[= [var [b]][true]]
]
[expression-stmt 
[= [var [d]][var [c]]]
]
[print-stmt 
[args [var [d]]]]]
]
]
