[program 
[func-declaration 
[void]
[main]
[params
]
[block 
[var-declaration [int][i][10]]
[var-declaration [int][j][2]]
[var-declaration [int][k][5]]
[var-declaration [int][x]]
[var-declaration [int][y]]
[var-declaration [bool][t]]
[var-declaration [bool][f]]
[expression-stmt 
[= [var [x]]
[+ 
[+ [var [i]][var [j]]][var [k]]]]
]
[print-stmt 
[args [var [x]]]]]
]
]
