[program 
[func-declaration 
[int]
[square]
[params
[param [int][x]]
]
[block 
[return-stmt 
[* [var [x]][var [x]]]]]
]
[var-declaration [int][ab_1]]
[func-declaration 
[int]
[main]
[params
]
[block 
[var-declaration [int][ab_2]]
[expression-stmt 
[call 
[read]
[args [var [ab_1]]]
]
]
[expression-stmt 
[call 
[read]
[args [var [ab_2]]]
]
]
[selection-stmt 
[> 
[call 
[square]
[args [var [ab_1]]]
]
[* [var [ab_2]][10]]]
[print-stmt 
[args [var [ab_1]]]]
[else 
[print-stmt 
[args [var [ab_2]]]]]]]
]
]
