(1,ID,"a")
(1,SYM,"=")
(1,ID,"b")
(1,ERROR,"^")
(1,NUM,"2")
(1,SYM,"+")
(1,ID,"c")
(1,SYM,"/")
(1,SYM,"(")
(1,ID,"b")
(1,SYM,"%")
(1,NUM,"10")
(1,SYM,")")
(1,SYM,";")
