(1,NUM,"0")
(2,NUM,"1")
(3,NUM,"2")
(4,NUM,"3")
(5,NUM,"4")
(6,NUM,"5")
(7,NUM,"10")
(8,NUM,"26")
(9,NUM,"777")
(10,NUM,"800")
(11,NUM,"00")
(12,NUM,"919")
(13,NUM,"5000")
(14,NUM,"10987")
(15,NUM,"99123")
