(1,ID,"a")
(1,SYM,":")
(1,KEY,"string")
(1,SYM,"=")
(1,ERROR,""")
(1,NUM,"123")
(1,SYM,";")
