(1,SYM,"+")
(1,SYM,"-")
(1,SYM,"*")
(1,SYM,"/")
(1,SYM,"%")
(2,SYM,"!")
(2,SYM,"<")
(2,SYM,">")
(2,SYM,"=")
(3,SYM,":")
(3,SYM,";")
(3,SYM,",")
(4,SYM,"(")
(4,SYM,")")
(4,SYM,"{")
(4,SYM,"}")
(5,SYMC,"<=")
(5,SYMC,">=")
(5,SYMC,"==")
(5,SYMC,"!=")
(6,SYMC,"&&")
(6,SYMC,"||")
